// Jest Snapshot v1, https://goo.gl/fbAQLP

exports[`test suit for FirstApp component should match with the snapshot 1`] = `
<div>
  <h1
    data-testid="test-title"
  >
    Hello, World!
  </h1>
  <h2>
    1000
  </h2>
  <p>
    Alejandro
  </p>
</div>
`;
